Archive member included because of file (symbol)

.\CortexM3\ARM_GCC_493\Debug\IMU-sparkfun.a(cyfitter_cfg.o)
                              .\CortexM3\ARM_GCC_493\Debug\Cm3Start.o (cyfitter_cfg)
.\CortexM3\ARM_GCC_493\Debug\IMU-sparkfun.a(I2C.o)
                              .\CortexM3\ARM_GCC_493\Debug\main.o (I2C_Start)
.\CortexM3\ARM_GCC_493\Debug\IMU-sparkfun.a(I2C_INT.o)
                              .\CortexM3\ARM_GCC_493\Debug\IMU-sparkfun.a(I2C.o) (I2C_ISR)
.\CortexM3\ARM_GCC_493\Debug\IMU-sparkfun.a(I2C_PM.o)
                              .\CortexM3\ARM_GCC_493\Debug\IMU-sparkfun.a(I2C.o) (I2C_backup)
.\CortexM3\ARM_GCC_493\Debug\IMU-sparkfun.a(I2C_MASTER.o)
                              .\CortexM3\ARM_GCC_493\Debug\main.o (I2C_MasterWriteBuf)
.\CortexM3\ARM_GCC_493\Debug\IMU-sparkfun.a(CyBootAsmGnu.o)
                              .\CortexM3\ARM_GCC_493\Debug\IMU-sparkfun.a(cyfitter_cfg.o) (CyDelayCycles)
.\CortexM3\ARM_GCC_493\Debug\IMU-sparkfun.a(CyLib.o)
                              .\CortexM3\ARM_GCC_493\Debug\Cm3Start.o (CyHalt)
.\CortexM3\ARM_GCC_493\Debug\IMU-sparkfun.a(cyPm.o)
                              .\CortexM3\ARM_GCC_493\Debug\IMU-sparkfun.a(CyLib.o) (CyPmReadStatus)
.\CortexM3\ARM_GCC_493\Debug\IMU-sparkfun.a(LCD.o)
                              .\CortexM3\ARM_GCC_493\Debug\main.o (LCD_PrintString)
.\CortexM3\ARM_GCC_493\Debug\IMU-sparkfun.a(blue.o)
                              .\CortexM3\ARM_GCC_493\Debug\main.o (blue_Write)
.\CortexM3\ARM_GCC_493\Debug\IMU-sparkfun.a(pink.o)
                              .\CortexM3\ARM_GCC_493\Debug\main.o (pink_Write)
.\CortexM3\ARM_GCC_493\Debug\IMU-sparkfun.a(yellow.o)
                              .\CortexM3\ARM_GCC_493\Debug\main.o (yellow_Write)
.\CortexM3\ARM_GCC_493\Debug\IMU-sparkfun.a(orange.o)
                              .\CortexM3\ARM_GCC_493\Debug\main.o (orange_Write)
.\CortexM3\ARM_GCC_493\Debug\IMU-sparkfun.a(ADC.o)
                              .\CortexM3\ARM_GCC_493\Debug\main.o (ADC_Start)
.\CortexM3\ARM_GCC_493\Debug\IMU-sparkfun.a(ADC_INT.o)
                              .\CortexM3\ARM_GCC_493\Debug\IMU-sparkfun.a(ADC.o) (ADC_ISR1)
.\CortexM3\ARM_GCC_493\Debug\IMU-sparkfun.a(Opamp.o)
                              .\CortexM3\ARM_GCC_493\Debug\main.o (Opamp_Start)
.\CortexM3\ARM_GCC_493\Debug\IMU-sparkfun.a(ADC_Ext_CP_Clk.o)
                              .\CortexM3\ARM_GCC_493\Debug\IMU-sparkfun.a(ADC.o) (ADC_Ext_CP_Clk_SetModeRegister)
.\CortexM3\ARM_GCC_493\Debug\IMU-sparkfun.a(ADC_theACLK.o)
                              .\CortexM3\ARM_GCC_493\Debug\IMU-sparkfun.a(ADC.o) (ADC_theACLK_SetModeRegister)
.\CortexM3\ARM_GCC_493\Debug\IMU-sparkfun.a(switch3.o)
                              .\CortexM3\ARM_GCC_493\Debug\main.o (switch3_Read)
.\CortexM3\ARM_GCC_493\Debug\IMU-sparkfun.a(UART.o)
                              .\CortexM3\ARM_GCC_493\Debug\main.o (UART_Start)
.\CortexM3\ARM_GCC_493\Debug\IMU-sparkfun.a(UART_IntClock.o)
                              .\CortexM3\ARM_GCC_493\Debug\IMU-sparkfun.a(UART.o) (UART_IntClock_Start)
.\CortexM3\ARM_GCC_493\Debug\IMU-sparkfun.a(DAC.o)
                              .\CortexM3\ARM_GCC_493\Debug\main.o (DAC_SetValue)
.\CortexM3\ARM_GCC_493\Debug\IMU-sparkfun.a(CyFlash.o)
                              .\CortexM3\ARM_GCC_493\Debug\IMU-sparkfun.a(cyPm.o) (CyFlash_SetWaitCycles)
.\CortexM3\ARM_GCC_493\Debug\IMU-sparkfun.a(CySpc.o)
                              .\CortexM3\ARM_GCC_493\Debug\IMU-sparkfun.a(CyFlash.o) (CySpcStart)
c:/program files (x86)/cypress/psoc creator/3.3/psoc creator/import/gnu/arm/4.9.3/bin/../lib/gcc/arm-none-eabi/4.9.3/armv7-m\libgcc.a(_arm_addsubdf3.o)
                              .\CortexM3\ARM_GCC_493\Debug\IMU-sparkfun.a(ADC.o) (__aeabi_f2d)
c:/program files (x86)/cypress/psoc creator/3.3/psoc creator/import/gnu/arm/4.9.3/bin/../lib/gcc/arm-none-eabi/4.9.3/armv7-m\libgcc.a(_arm_cmpdf2.o)
                              .\CortexM3\ARM_GCC_493\Debug\IMU-sparkfun.a(ADC.o) (__aeabi_dcmpgt)
c:/program files (x86)/cypress/psoc creator/3.3/psoc creator/import/gnu/arm/4.9.3/bin/../lib/gcc/arm-none-eabi/4.9.3/armv7-m\libgcc.a(_arm_addsubsf3.o)
                              .\CortexM3\ARM_GCC_493\Debug\IMU-sparkfun.a(ADC.o) (__aeabi_ui2f)
c:/program files (x86)/cypress/psoc creator/3.3/psoc creator/import/gnu/arm/4.9.3/bin/../lib/gcc/arm-none-eabi/4.9.3/armv7-m\libgcc.a(_arm_muldivsf3.o)
                              .\CortexM3\ARM_GCC_493\Debug\IMU-sparkfun.a(ADC.o) (__aeabi_fmul)
c:/program files (x86)/cypress/psoc creator/3.3/psoc creator/import/gnu/arm/4.9.3/bin/../lib/gcc/arm-none-eabi/4.9.3/armv7-m\libgcc.a(_arm_fixunssfsi.o)
                              .\CortexM3\ARM_GCC_493\Debug\IMU-sparkfun.a(ADC.o) (__aeabi_f2uiz)
c:/program files (x86)/cypress/psoc creator/3.3/psoc creator/import/gnu/arm/4.9.3/bin/../lib/gcc/arm-none-eabi/4.9.3/../../../../arm-none-eabi/lib/armv7-m\libg_nano.a(lib_a-errno.o)
[...]
Memory Configuration

Name             Origin             Length             Attributes
rom              0x00000000         0x00040000         xr
ram              0x1fff8000         0x00010000         xrw
*default*        0x00000000         0xffffffff

Linker script and memory map

LOAD c:/program files (x86)/cypress/psoc creator/3.3/psoc creator/import/gnu/arm/4.9.3/bin/../lib/gcc/arm-none-eabi/4.9.3/armv7-m/crti.o
LOAD c:/program files (x86)/cypress/psoc creator/3.3/psoc creator/import/gnu/arm/4.9.3/bin/../lib/gcc/arm-none-eabi/4.9.3/armv7-m/crtbegin.o
LOAD c:/program files (x86)/cypress/psoc creator/3.3/psoc creator/import/gnu/arm/4.9.3/bin/../lib/gcc/arm-none-eabi/4.9.3/../../../../arm-none-eabi/lib/armv7-m/crt0.o
START GROUP
LOAD .\CortexM3\ARM_GCC_493\Debug\main.o
LOAD .\CortexM3\ARM_GCC_493\Debug\cymetadata.o
LOAD .\CortexM3\ARM_GCC_493\Debug\Cm3Start.o
LOAD .\CortexM3\ARM_GCC_493\Debug\IMU-sparkfun.a
LOAD C:\Program Files (x86)\Cypress\PSoC Creator\3.3\PSoC Creator\psoc\content\cycomponentlibrary\CyComponentLibrary.cylib\CortexM3\ARM_GCC_493\Debug\CyComponentLibrary.a
END GROUP
START GROUP
LOAD c:/program files (x86)/cypress/psoc creator/3.3/psoc creator/import/gnu/arm/4.9.3/bin/../lib/gcc/arm-none-eabi/4.9.3/armv7-m\libgcc.a
LOAD c:/program files (x86)/cypress/psoc creator/3.3/psoc creator/import/gnu/arm/4.9.3/bin/../lib/gcc/arm-none-eabi/4.9.3/../../../../arm-none-eabi/lib/armv7-m\libg_nano.a
LOAD c:/program files (x86)/cypress/psoc creator/3.3/psoc creator/import/gnu/arm/4.9.3/bin/../lib/gcc/arm-none-eabi/4.9.3/../../../../arm-none-eabi/lib/armv7-m\libc_nano.a
END GROUP
START GROUP
LOAD c:/program files (x86)/cypress/psoc creator/3.3/psoc creator/import/gnu/arm/4.9.3/bin/../lib/gcc/arm-none-eabi/4.9.3/armv7-m\libgcc.a
LOAD c:/program files (x86)/cypress/psoc creator/3.3/psoc creator/import/gnu/arm/4.9.3/bin/../lib/gcc/arm-none-eabi/4.9.3/../../../../arm-none-eabi/lib/armv7-m\libc_nano.a
END GROUP
LOAD c:/program files (x86)/cypress/psoc creator/3.3/psoc creator/import/gnu/arm/4.9.3/bin/../lib/gcc/arm-none-eabi/4.9.3/armv7-m/crtend.o
LOAD c:/program files (x86)/cypress/psoc creator/3.3/psoc creator/import/gnu/arm/4.9.3/bin/../lib/gcc/arm-none-eabi/4.9.3/armv7-m/crtn.o
START GROUP
LOAD c:/program files (x86)/cypress/psoc creator/3.3/psoc creator/import/gnu/arm/4.9.3/bin/../lib/gcc/arm-none-eabi/4.9.3/armv7-m\libgcc.a
LOAD c:/program files (x86)/cypress/psoc creator/3.3/psoc creator/import/gnu/arm/4.9.3/bin/../lib/gcc/arm-none-eabi/4.9.3/../../../../arm-none-eabi/lib/armv7-m\libc.a
LOAD c:/program files (x86)/cypress/psoc creator/3.3/psoc creator/import/gnu/arm/4.9.3/bin/../lib/gcc/arm-none-eabi/4.9.3/../../../../arm-none-eabi/lib/armv7-m\libnosys.a
END GROUP
                0x00000000                CY_APPL_ORIGIN = 0x0
                0x00000100                CY_FLASH_ROW_SIZE = 0x100
                0x00000020                CY_ECC_ROW_SIZE = 0x20
                0x00000000                CY_EE_IN_BTLDR = 0x0
                0x00000000                CY_APPL_LOADABLE = 0x0
                0x00000800                CY_EE_SIZE = 0x800
                0x00000001                CY_APPL_NUM = 0x1
                0x00000001                CY_APPL_MAX = 0x1
                0x00000040                CY_METADATA_SIZE = 0x40
                0x00000000                CY_APPL_LOADABLE = 0x0
                0x00000000                CY_CHECKSUM_EXCLUDE_SIZE = ALIGN (0x0, CY_FLASH_ROW_SIZE)
                0x1fff81a8                PROVIDE (__cy_heap_start, _end)
                0x00000001                PROVIDE (__cy_region_num, ((__cy_regions_end - __cy_regions) / 0x10))
                0x20008000                PROVIDE (__cy_stack, (ORIGIN (ram) + 0x10000))
                0x20007800                PROVIDE (__cy_heap_end, (__cy_stack - 0x800))

.cybootloader   0x00000000        0x0
 *(.cybootloader)
                0x00000000                appl1_start = CY_APPL_ORIGIN?CY_APPL_ORIGIN:ALIGN (CY_FLASH_ROW_SIZE)
                0x0001ff00                appl2_start = (appl1_start + ALIGN ((((0x40000 - appl1_start) - (0x2 * CY_FLASH_ROW_SIZE)) / 0x2), CY_FLASH_ROW_SIZE))
                0x00000000                appl_start = (CY_APPL_NUM == 0x1)?appl1_start:appl2_start
                0x00000000                ecc_offset = ((appl_start / CY_FLASH_ROW_SIZE) * CY_ECC_ROW_SIZE)
                0x00000000                ee_offset = (CY_APPL_LOADABLE && ! (CY_EE_IN_BTLDR))?((CY_EE_SIZE / CY_APPL_MAX) * (CY_APPL_NUM - 0x1)):0x0
                0x00000800                ee_size = (CY_APPL_LOADABLE && ! (CY_EE_IN_BTLDR))?(CY_EE_SIZE / CY_APPL_MAX):CY_EE_SIZE
                0x00000000                PROVIDE (CY_ECC_OFFSET, ecc_offset)

.text           0x00000000     0x2136
 CREATE_OBJECT_SYMBOLS
                0x00000000                PROVIDE (__cy_interrupt_vector, RomVectors)
 *(.romvectors)
 .romvectors    0x00000000       0x10 .\CortexM3\ARM_GCC_493\Debug\Cm3Start.o
                0x00000000                RomVectors
                0x00000001                ASSERT ((. != __cy_interrupt_vector), No interrupt vector)
                0x00000001                ASSERT (CY_APPL_ORIGIN?(SIZEOF (.cybootloader) <= CY_APPL_ORIGIN):0x1, Wrong image location)
                0x00000010                PROVIDE (__cy_reset, Reset)
 *(.text.Reset)
 .text.Reset    0x00000010       0x18 .\CortexM3\ARM_GCC_493\Debug\Cm3Start.o
                0x00000010                Reset
                0x00000001                ASSERT ((. != __cy_reset), No reset code)
 *(.dma_init)
                0x00000001                ASSERT ((((appl_start + .) <= 0x10000) || 0x1), DMA Init must be within the first 64k of flash)
 *(.text .text.* .gnu.linkonce.t.*)
 .text          0x00000028       0x5c c:/program files (x86)/cypress/psoc creator/3.3/psoc creator/import/gnu/arm/4.9.3/bin/../lib/gcc/arm-none-eabi/4.9.3/armv7-m/crtbegin.o
 .text.histogram_display
                0x00000084       0x18 .\CortexM3\ARM_GCC_493\Debug\main.o
                0x00000084                histogram_display
 .text.matlab_display_acc
                0x0000009c       0x78 .\CortexM3\ARM_GCC_493\Debug\main.o
                0x0000009c                matlab_display_acc
 .text.matlab_display_mag
                0x00000114       0x64 .\CortexM3\ARM_GCC_493\Debug\main.o
                0x00000114                matlab_display_mag
 .text.LCD_menu
                0x00000178       0x4c .\CortexM3\ARM_GCC_493\Debug\main.o
                0x00000178                LCD_menu
 .text.gyro_app
                0x000001c4       0xfc .\CortexM3\ARM_GCC_493\Debug\main.o
                0x000001c4                gyro_app
 .text.mag_lcd  0x000002c0       0x48 .\CortexM3\ARM_GCC_493\Debug\main.o
                0x000002c0                mag_lcd
 .text.mag_final
                0x00000308       0xa4 .\CortexM3\ARM_GCC_493\Debug\main.o
                0x00000308                mag_final
 .text.mag_app  0x000003ac        0x8 .\CortexM3\ARM_GCC_493\Debug\main.o
                0x000003ac                mag_app
 .text.complete_transfer_acc
                0x000003b4       0x1c .\CortexM3\ARM_GCC_493\Debug\main.o
                0x000003b4                complete_transfer_acc
 .text.initialize_acc
                0x000003d0       0x2c .\CortexM3\ARM_GCC_493\Debug\main.o
                0x000003d0                initialize_acc
 .text.complete_transfer_mag
                0x000003fc       0x1c .\CortexM3\ARM_GCC_493\Debug\main.o
                0x000003fc                complete_transfer_mag
 .text.initialize_mag
                0x00000418       0x24 .\CortexM3\ARM_GCC_493\Debug\main.o
                0x00000418                initialize_mag
 .text.clear_LCD_line2
                0x0000043c       0x1c .\CortexM3\ARM_GCC_493\Debug\main.o
                0x0000043c                clear_LCD_line2
 .text.lcd_initalize
                0x00000458       0x18 .\CortexM3\ARM_GCC_493\Debug\main.o
                0x00000458                lcd_initalize
 .text.lcd_matlab_gyro
                0x00000470       0x1c .\CortexM3\ARM_GCC_493\Debug\main.o
                0x00000470                lcd_matlab_gyro
 .text.lcd_matlab_acc
                0x0000048c       0x1c .\CortexM3\ARM_GCC_493\Debug\main.o
                0x0000048c                lcd_matlab_acc
 .text.lcd_matlab_mag
                0x000004a8       0x1c .\CortexM3\ARM_GCC_493\Debug\main.o
                0x000004a8                lcd_matlab_mag
 .text.move_forward
                0x000004c4      0x114 .\CortexM3\ARM_GCC_493\Debug\main.o
                0x000004c4                move_forward
 .text.move_backward
                0x000005d8      0x114 .\CortexM3\ARM_GCC_493\Debug\main.o
                0x000005d8                move_backward
 .text.stepper_gyro
                0x000006ec       0xb0 .\CortexM3\ARM_GCC_493\Debug\main.o
                0x000006ec                stepper_gyro
 .text.acc_final
                0x0000079c       0xb0 .\CortexM3\ARM_GCC_493\Debug\main.o
                0x0000079c                acc_final
 .text.main     0x0000084c       0xa4 .\CortexM3\ARM_GCC_493\Debug\main.o
                0x0000084c                main
 .text.IntDefaultHandler
                0x000008f0        0x4 .\CortexM3\ARM_GCC_493\Debug\Cm3Start.o
                0x000008f0                IntDefaultHandler
 .text.Start_c  0x000008f4       0x4c .\CortexM3\ARM_GCC_493\Debug\Cm3Start.o
                0x000008f4                Start_c
 .text.initialize_psoc
                0x00000940       0x74 .\CortexM3\ARM_GCC_493\Debug\Cm3Start.o
                0x00000940                initialize_psoc
 .text.CyClockStartupError
                0x000009b4        0x4 .\CortexM3\ARM_GCC_493\Debug\IMU-sparkfun.a(cyfitter_cfg.o)
 .text.cfg_write_bytes32
                0x000009b8       0x34 .\CortexM3\ARM_GCC_493\Debug\IMU-sparkfun.a(cyfitter_cfg.o)
 .text.AnalogSetDefault
                0x000009ec       0x54 .\CortexM3\ARM_GCC_493\Debug\IMU-sparkfun.a(cyfitter_cfg.o)
 .text.CYMEMZERO
                0x00000a40        0xc .\CortexM3\ARM_GCC_493\Debug\IMU-sparkfun.a(cyfitter_cfg.o)
 .text.CYCONFIGCPY
                0x00000a4c        0x8 .\CortexM3\ARM_GCC_493\Debug\IMU-sparkfun.a(cyfitter_cfg.o)
 .text.ClockSetup
                0x00000a54       0xf0 .\CortexM3\ARM_GCC_493\Debug\IMU-sparkfun.a(cyfitter_cfg.o)
 .text.cyfitter_cfg
                0x00000b44      0x13c .\CortexM3\ARM_GCC_493\Debug\IMU-sparkfun.a(cyfitter_cfg.o)
                0x00000b44                cyfitter_cfg
 .text.I2C_Init
                0x00000c80       0x68 .\CortexM3\ARM_GCC_493\Debug\IMU-sparkfun.a(I2C.o)
                0x00000c80                I2C_Init
 .text.I2C_Enable
                0x00000ce8       0x24 .\CortexM3\ARM_GCC_493\Debug\IMU-sparkfun.a(I2C.o)
                0x00000ce8                I2C_Enable
 .text.I2C_Start
                0x00000d0c       0x28 .\CortexM3\ARM_GCC_493\Debug\IMU-sparkfun.a(I2C.o)
                0x00000d0c                I2C_Start
 .text.I2C_ISR  0x00000d34      0x2cc .\CortexM3\ARM_GCC_493\Debug\IMU-sparkfun.a(I2C_INT.o)
                0x00000d34                I2C_ISR
 .text.I2C_MasterWriteBuf
                0x00001000       0xcc .\CortexM3\ARM_GCC_493\Debug\IMU-sparkfun.a(I2C_MASTER.o)
                0x00001000                I2C_MasterWriteBuf
 .text.I2C_MasterReadBuf
                0x000010cc       0xd0 .\CortexM3\ARM_GCC_493\Debug\IMU-sparkfun.a(I2C_MASTER.o)
                0x000010cc                I2C_MasterReadBuf
 *fill*         0x0000119c        0x4 
 .text          0x000011a0       0x20 .\CortexM3\ARM_GCC_493\Debug\IMU-sparkfun.a(CyBootAsmGnu.o)
                0x000011a0                CyDelayCycles
                0x000011b0                CyEnterCriticalSection
                0x000011b8                CyExitCriticalSection
 .text.CyHalt   0x000011c0        0x4 .\CortexM3\ARM_GCC_493\Debug\IMU-sparkfun.a(CyLib.o)
                0x000011c0                CyHalt
 .text.CyDelay  0x000011c4       0x2c .\CortexM3\ARM_GCC_493\Debug\IMU-sparkfun.a(CyLib.o)
                0x000011c4                CyDelay
 .text.CyDelayUs
                0x000011f0       0x14 .\CortexM3\ARM_GCC_493\Debug\IMU-sparkfun.a(CyLib.o)
                0x000011f0                CyDelayUs
 .text.CyIntSetVector
                0x00001204       0x28 .\CortexM3\ARM_GCC_493\Debug\IMU-sparkfun.a(CyLib.o)
                0x00001204                CyIntSetVector
 .text.CyIntSetPriority
                0x0000122c       0x30 .\CortexM3\ARM_GCC_493\Debug\IMU-sparkfun.a(CyLib.o)
                0x0000122c                CyIntSetPriority
 .text.LCD_WrCntrlNib
                0x0000125c       0x34 .\CortexM3\ARM_GCC_493\Debug\IMU-sparkfun.a(LCD.o)
 .text.LCD_WrDatNib
                0x00001290       0x44 .\CortexM3\ARM_GCC_493\Debug\IMU-sparkfun.a(LCD.o)
 .text.LCD_IsReady
                0x000012d4       0xe4 .\CortexM3\ARM_GCC_493\Debug\IMU-sparkfun.a(LCD.o)
                0x000012d4                LCD_IsReady
 .text.LCD_WriteData
                0x000013b8       0x18 .\CortexM3\ARM_GCC_493\Debug\IMU-sparkfun.a(LCD.o)
                0x000013b8                LCD_WriteData
 .text.LCD_PrintString
                0x000013d0       0x1c .\CortexM3\ARM_GCC_493\Debug\IMU-sparkfun.a(LCD.o)
                0x000013d0                LCD_PrintString
 .text.LCD_PutChar
                0x000013ec        0x8 .\CortexM3\ARM_GCC_493\Debug\IMU-sparkfun.a(LCD.o)
                0x000013ec                LCD_PutChar
 .text.LCD_WriteControl
                0x000013f4       0x18 .\CortexM3\ARM_GCC_493\Debug\IMU-sparkfun.a(LCD.o)
                0x000013f4                LCD_WriteControl
 .text.LCD_Init
                0x0000140c       0x6c .\CortexM3\ARM_GCC_493\Debug\IMU-sparkfun.a(LCD.o)
                0x0000140c                LCD_Init
 .text.LCD_Enable
                0x00001478       0x14 .\CortexM3\ARM_GCC_493\Debug\IMU-sparkfun.a(LCD.o)
                0x00001478                LCD_Enable
 .text.LCD_Start
                0x0000148c       0x1c .\CortexM3\ARM_GCC_493\Debug\IMU-sparkfun.a(LCD.o)
                0x0000148c                LCD_Start
 .text.LCD_Position
                0x000014a8       0x3c .\CortexM3\ARM_GCC_493\Debug\IMU-sparkfun.a(LCD.o)
                0x000014a8                LCD_Position
 .text.LCD_PrintU32Number
                0x000014e4       0x60 .\CortexM3\ARM_GCC_493\Debug\IMU-sparkfun.a(LCD.o)
                0x000014e4                LCD_PrintU32Number
 .text.blue_Write
                0x00001544       0x18 .\CortexM3\ARM_GCC_493\Debug\IMU-sparkfun.a(blue.o)
                0x00001544                blue_Write
 .text.pink_Write
                0x0000155c       0x18 .\CortexM3\ARM_GCC_493\Debug\IMU-sparkfun.a(pink.o)
                0x0000155c                pink_Write
 .text.yellow_Write
                0x00001574       0x18 .\CortexM3\ARM_GCC_493\Debug\IMU-sparkfun.a(yellow.o)
                0x00001574                yellow_Write
 .text.orange_Write
                0x0000158c       0x18 .\CortexM3\ARM_GCC_493\Debug\IMU-sparkfun.a(orange.o)
                0x0000158c                orange_Write
 .text.ADC_GainCompensation
                0x000015a4       0xd0 .\CortexM3\ARM_GCC_493\Debug\IMU-sparkfun.a(ADC.o)
 .text.ADC_SetDSMRef0Reg
                0x00001674       0x4c .\CortexM3\ARM_GCC_493\Debug\IMU-sparkfun.a(ADC.o)
 .text.ADC_InitConfig
                0x000016c0      0x320 .\CortexM3\ARM_GCC_493\Debug\IMU-sparkfun.a(ADC.o)
 .text.ADC_Init
                0x000019e0      0x108 .\CortexM3\ARM_GCC_493\Debug\IMU-sparkfun.a(ADC.o)
                0x000019e0                ADC_Init
 .text.ADC_Enable
                0x00001ae8       0xd8 .\CortexM3\ARM_GCC_493\Debug\IMU-sparkfun.a(ADC.o)
                0x00001ae8                ADC_Enable
 .text.ADC_Start
                0x00001bc0       0x28 .\CortexM3\ARM_GCC_493\Debug\IMU-sparkfun.a(ADC.o)
                0x00001bc0                ADC_Start
 .text.ADC_StartConvert
                0x00001be8       0x10 .\CortexM3\ARM_GCC_493\Debug\IMU-sparkfun.a(ADC.o)
                0x00001be8                ADC_StartConvert
 .text.ADC_GetResult32
                0x00001bf8       0x6c .\CortexM3\ARM_GCC_493\Debug\IMU-sparkfun.a(ADC.o)
                0x00001bf8                ADC_GetResult32
 .text.ADC_CountsTo_mVolts
                0x00001c64       0x24 .\CortexM3\ARM_GCC_493\Debug\IMU-sparkfun.a(ADC.o)
                0x00001c64                ADC_CountsTo_mVolts
 .text.ADC_ISR1
                0x00001c88        0x4 .\CortexM3\ARM_GCC_493\Debug\IMU-sparkfun.a(ADC_INT.o)
                0x00001c88                ADC_ISR1
 .text.ADC_ISR2
                0x00001c8c        0x4 .\CortexM3\ARM_GCC_493\Debug\IMU-sparkfun.a(ADC_INT.o)
                0x00001c8c                ADC_ISR2
 .text.ADC_ISR3
                0x00001c90        0x4 .\CortexM3\ARM_GCC_493\Debug\IMU-sparkfun.a(ADC_INT.o)
                0x00001c90                ADC_ISR3
 .text.ADC_ISR4
                0x00001c94        0x4 .\CortexM3\ARM_GCC_493\Debug\IMU-sparkfun.a(ADC_INT.o)
                0x00001c94                ADC_ISR4
 .text.Opamp_Enable
                0x00001c98       0x28 .\CortexM3\ARM_GCC_493\Debug\IMU-sparkfun.a(Opamp.o)
                0x00001c98                Opamp_Enable
 .text.Opamp_SetPower
                0x00001cc0       0x1c .\CortexM3\ARM_GCC_493\Debug\IMU-sparkfun.a(Opamp.o)
                0x00001cc0                Opamp_SetPower
 .text.Opamp_Init
                0x00001cdc        0xc .\CortexM3\ARM_GCC_493\Debug\IMU-sparkfun.a(Opamp.o)
                0x00001cdc                Opamp_Init
 .text.Opamp_Start
                0x00001ce8       0x1c .\CortexM3\ARM_GCC_493\Debug\IMU-sparkfun.a(Opamp.o)
                0x00001ce8                Opamp_Start
 .text.ADC_Ext_CP_Clk_GetDividerRegister
                0x00001d04        0xc .\CortexM3\ARM_GCC_493\Debug\IMU-sparkfun.a(ADC_Ext_CP_Clk.o)
                0x00001d04                ADC_Ext_CP_Clk_GetDividerRegister
 .text.ADC_Ext_CP_Clk_SetModeRegister
                0x00001d10       0x14 .\CortexM3\ARM_GCC_493\Debug\IMU-sparkfun.a(ADC_Ext_CP_Clk.o)
                0x00001d10                ADC_Ext_CP_Clk_SetModeRegister
 .text.ADC_Ext_CP_Clk_GetSourceRegister
                0x00001d24       0x10 .\CortexM3\ARM_GCC_493\Debug\IMU-sparkfun.a(ADC_Ext_CP_Clk.o)
                0x00001d24                ADC_Ext_CP_Clk_GetSourceRegister
 .text.ADC_Ext_CP_Clk_SetDividerRegister
                0x00001d34       0xd8 .\CortexM3\ARM_GCC_493\Debug\IMU-sparkfun.a(ADC_Ext_CP_Clk.o)
                0x00001d34                ADC_Ext_CP_Clk_SetDividerRegister
 .text.ADC_theACLK_GetDividerRegister
                0x00001e0c        0xc .\CortexM3\ARM_GCC_493\Debug\IMU-sparkfun.a(ADC_theACLK.o)
                0x00001e0c                ADC_theACLK_GetDividerRegister
 .text.ADC_theACLK_SetModeRegister
                0x00001e18       0x14 .\CortexM3\ARM_GCC_493\Debug\IMU-sparkfun.a(ADC_theACLK.o)
                0x00001e18                ADC_theACLK_SetModeRegister
 .text.ADC_theACLK_GetSourceRegister
                0x00001e2c       0x10 .\CortexM3\ARM_GCC_493\Debug\IMU-sparkfun.a(ADC_theACLK.o)
                0x00001e2c                ADC_theACLK_GetSourceRegister
 .text.ADC_theACLK_SetDividerRegister
                0x00001e3c       0xd8 .\CortexM3\ARM_GCC_493\Debug\IMU-sparkfun.a(ADC_theACLK.o)
                0x00001e3c                ADC_theACLK_SetDividerRegister
 .text.switch3_Read
                0x00001f14       0x10 .\CortexM3\ARM_GCC_493\Debug\IMU-sparkfun.a(switch3.o)
                0x00001f14                switch3_Read
 .text.UART_Init
                0x00001f24       0x24 .\CortexM3\ARM_GCC_493\Debug\IMU-sparkfun.a(UART.o)
                0x00001f24                UART_Init
 .text.UART_Enable
                0x00001f48       0x38 .\CortexM3\ARM_GCC_493\Debug\IMU-sparkfun.a(UART.o)
                0x00001f48                UART_Enable
 .text.UART_Start
                0x00001f80       0x1c .\CortexM3\ARM_GCC_493\Debug\IMU-sparkfun.a(UART.o)
                0x00001f80                UART_Start
 .text.UART_PutChar
                0x00001f9c       0x18 .\CortexM3\ARM_GCC_493\Debug\IMU-sparkfun.a(UART.o)
                0x00001f9c                UART_PutChar
 .text.UART_PutArray
                0x00001fb4       0x28 .\CortexM3\ARM_GCC_493\Debug\IMU-sparkfun.a(UART.o)
                0x00001fb4                UART_PutArray
 .text.UART_IntClock_Start
                0x00001fdc       0x1c .\CortexM3\ARM_GCC_493\Debug\IMU-sparkfun.a(UART_IntClock.o)
                0x00001fdc                UART_IntClock_Start
 .text.DAC_Enable
                0x00001ff8       0x1c .\CortexM3\ARM_GCC_493\Debug\IMU-sparkfun.a(DAC.o)
                0x00001ff8                DAC_Enable
 .text.DAC_SetSpeed
                0x00002014       0x1c .\CortexM3\ARM_GCC_493\Debug\IMU-sparkfun.a(DAC.o)
                0x00002014                DAC_SetSpeed
 .text.DAC_SetValue
                0x00002030        0xc .\CortexM3\ARM_GCC_493\Debug\IMU-sparkfun.a(DAC.o)
                0x00002030                DAC_SetValue
 .text.DAC_DacTrim
                0x0000203c       0x24 .\CortexM3\ARM_GCC_493\Debug\IMU-sparkfun.a(DAC.o)
                0x0000203c                DAC_DacTrim
 .text.DAC_SetRange
                0x00002060       0x20 .\CortexM3\ARM_GCC_493\Debug\IMU-sparkfun.a(DAC.o)
                0x00002060                DAC_SetRange
 .text.DAC_Init
                0x00002080       0x20 .\CortexM3\ARM_GCC_493\Debug\IMU-sparkfun.a(DAC.o)
                0x00002080                DAC_Init
 .text.DAC_Start
                0x000020a0       0x24 .\CortexM3\ARM_GCC_493\Debug\IMU-sparkfun.a(DAC.o)
                0x000020a0                DAC_Start
 .text.__libc_init_array
                0x000020c4       0x4c c:/program files (x86)/cypress/psoc creator/3.3/psoc creator/import/gnu/arm/4.9.3/bin/../lib/gcc/arm-none-eabi/4.9.3/../../../../arm-none-eabi/lib/armv7-m\libg_nano.a(lib_a-init.o)
                0x000020c4                __libc_init_array
 .text.memcpy   0x00002110       0x16 c:/program files (x86)/cypress/psoc creator/3.3/psoc creator/import/gnu/arm/4.9.3/bin/../lib/gcc/arm-none-eabi/4.9.3/../../../../arm-none-eabi/lib/armv7-m\libg_nano.a(lib_a-memcpy.o)
                0x00002110                memcpy
 .text.memset   0x00002126       0x10 c:/program files (x86)/cypress/psoc creator/3.3/psoc creator/import/gnu/arm/4.9.3/bin/../lib/gcc/arm-none-eabi/4.9.3/../../../../arm-none-eabi/lib/armv7-m\libg_nano.a(lib_a-memset.o)
                0x00002126                memset
 *(.plt)
 *(.gnu.warning)
 *(.glue_7t)
 .glue_7t       0x00000000        0x0 linker stubs
 *(.glue_7)
 .glue_7        0x00000000        0x0 linker stubs
 *(.vfp11_veneer)
 .vfp11_veneer  0x00000000        0x0 linker stubs
 *(.bootloader)
 *(.ARM.extab* .gnu.linkonce.armextab.*)
 *(.gcc_except_table)

.v4_bx          0x00002138        0x0
 .v4_bx         0x00000000        0x0 linker stubs

.iplt           0x00002138        0x0
 .iplt          0x00000000        0x0 c:/program files (x86)/cypress/psoc creator/3.3/psoc creator/import/gnu/arm/4.9.3/bin/../lib/gcc/arm-none-eabi/4.9.3/armv7-m/crtbegin.o

.eh_frame_hdr
 *(.eh_frame_hdr)

.eh_frame       0x00002138        0x4
 *(.eh_frame)
 .eh_frame      0x00002138        0x0 c:/program files (x86)/cypress/psoc creator/3.3/psoc creator/import/gnu/arm/4.9.3/bin/../lib/gcc/arm-none-eabi/4.9.3/armv7-m/crtbegin.o
 .eh_frame      0x00002138        0x4 c:/program files (x86)/cypress/psoc creator/3.3/psoc creator/import/gnu/arm/4.9.3/bin/../lib/gcc/arm-none-eabi/4.9.3/armv7-m/crtend.o
                0x0000213c                PROVIDE (__exidx_start, .)

.ARM.exidx
 *(.ARM.exidx* .gnu.linkonce.armexidx.*)
                0x0000213c                __exidx_end = .

.rodata         0x0000213c      0x12c
 *(.rodata .rodata.* .gnu.linkonce.r.*)
 .rodata.str1.4
                0x0000213c       0xac .\CortexM3\ARM_GCC_493\Debug\main.o
 .rodata        0x000021e8       0x48 .\CortexM3\ARM_GCC_493\Debug\IMU-sparkfun.a(cyfitter_cfg.o)
                0x00002230                . = ALIGN (0x4)
 *(.init)
 .init          0x00002230        0x4 c:/program files (x86)/cypress/psoc creator/3.3/psoc creator/import/gnu/arm/4.9.3/bin/../lib/gcc/arm-none-eabi/4.9.3/armv7-m/crti.o
                0x00002230                _init
 .init          0x00002234        0x8 c:/program files (x86)/cypress/psoc creator/3.3/psoc creator/import/gnu/arm/4.9.3/bin/../lib/gcc/arm-none-eabi/4.9.3/armv7-m/crtn.o
                0x0000223c                . = ALIGN (0x4)
                0x0000223c                __preinit_array_start = .
 *(.preinit_array)
                0x0000223c                __preinit_array_end = .
                0x0000223c                . = ALIGN (0x4)
                0x0000223c                __init_array_start = .
 *(SORT(.init_array.*))
 *(.init_array)
 .init_array    0x0000223c        0x4 c:/program files (x86)/cypress/psoc creator/3.3/psoc creator/import/gnu/arm/4.9.3/bin/../lib/gcc/arm-none-eabi/4.9.3/armv7-m/crtbegin.o
 .init_array    0x00002240        0x4 .\CortexM3\ARM_GCC_493\Debug\Cm3Start.o
                0x00002244                __init_array_end = .
                0x00002244                . = ALIGN (0x4)
 *(.fini)
 .fini          0x00002244        0x4 c:/program files (x86)/cypress/psoc creator/3.3/psoc creator/import/gnu/arm/4.9.3/bin/../lib/gcc/arm-none-eabi/4.9.3/armv7-m/crti.o
                0x00002244                _fini
 .fini          0x00002248        0x8 c:/program files (x86)/cypress/psoc creator/3.3/psoc creator/import/gnu/arm/4.9.3/bin/../lib/gcc/arm-none-eabi/4.9.3/armv7-m/crtn.o
                0x00002250                . = ALIGN (0x4)
                0x00002250                __fini_array_start = .
 *(.fini_array)
 .fini_array    0x00002250        0x4 c:/program files (x86)/cypress/psoc creator/3.3/psoc creator/import/gnu/arm/4.9.3/bin/../lib/gcc/arm-none-eabi/4.9.3/armv7-m/crtbegin.o
 *(SORT(.fini_array.*))
                0x00002254                __fini_array_end = .
                0x00002254                . = ALIGN (0x4)
 *crtbegin.o(.ctors)
 *(EXCLUDE_FILE(*crtend.o) .ctors)
 *(SORT(.ctors.*))
 *crtend.o(.ctors)
                0x00002254                . = ALIGN (0x4)
 *crtbegin.o(.dtors)
 *(EXCLUDE_FILE(*crtend.o) .dtors)
 *(SORT(.dtors.*))
 *crtend.o(.dtors)
                0x00002254                . = ALIGN (0x4)
                0x00002254                __cy_regions = .
                0x00002254        0x4 LONG 0x2268 __cy_region_init_ram
                0x00002258        0x4 LONG 0x1fff8108 __cy_region_start_data
                0x0000225c        0x4 LONG 0x20 __cy_region_init_size_ram
                0x00002260        0x4 LONG 0x80 __cy_region_zero_size_ram
                0x00002264                __cy_regions_end = .
                0x00002268                . = ALIGN (0x8)
 *fill*         0x00002264        0x4 
                0x00002268                _etext = .

.cy_checksum_exclude
                0x00002268        0x0
 *(.cy_checksum_exclude)

.ramvectors     0x1fff8000      0x100
                0x1fff8000                __cy_region_start_ram = .
 *(.ramvectors)
 .ramvectors    0x1fff8000      0x100 .\CortexM3\ARM_GCC_493\Debug\Cm3Start.o
                0x1fff8000                CyRamVectors

.noinit         0x1fff8100        0x5
 *(.noinit)
 .noinit        0x1fff8100        0x4 .\CortexM3\ARM_GCC_493\Debug\Cm3Start.o
 .noinit        0x1fff8104        0x1 .\CortexM3\ARM_GCC_493\Debug\IMU-sparkfun.a(CyLib.o)
                0x1fff8104                CyResetStatus

.data           0x1fff8108       0x20 load address 0x00002268
                0x1fff8108                __cy_region_start_data = .
 *(.jcr)
 .jcr           0x1fff8108        0x0 c:/program files (x86)/cypress/psoc creator/3.3/psoc creator/import/gnu/arm/4.9.3/bin/../lib/gcc/arm-none-eabi/4.9.3/armv7-m/crtbegin.o
 .jcr           0x1fff8108        0x4 c:/program files (x86)/cypress/psoc creator/3.3/psoc creator/import/gnu/arm/4.9.3/bin/../lib/gcc/arm-none-eabi/4.9.3/armv7-m/crtend.o
 *(.got.plt)
 *(.got)
 *(.shdata)
 *(.data .data.* .gnu.linkonce.d.*)
 .data          0x1fff810c        0x8 .\CortexM3\ARM_GCC_493\Debug\main.o
                0x1fff810c                add_a
                0x1fff810d                add_m
                0x1fff810e                gyro_ana_ref
                0x1fff8110                modes
                0x1fff8112                gyro_dig_ref
 .data          0x1fff8114       0x10 .\CortexM3\ARM_GCC_493\Debug\IMU-sparkfun.a(CyLib.o)
                0x1fff8114                cydelay_32k_ms
                0x1fff8118                cydelay_freq_khz
                0x1fff811c                cydelay_freq_mhz
                0x1fff8120                cydelay_freq_hz
 .data          0x1fff8124        0x1 .\CortexM3\ARM_GCC_493\Debug\IMU-sparkfun.a(ADC.o)
                0x1fff8124                ADC_Config
                0x1fff8128                . = ALIGN (0x8)
 *fill*         0x1fff8125        0x3 
 *(.ram)
                0x1fff8128                _edata = .

.igot.plt       0x1fff8128        0x0 load address 0x00002288
 .igot.plt      0x00000000        0x0 c:/program files (x86)/cypress/psoc creator/3.3/psoc creator/import/gnu/arm/4.9.3/bin/../lib/gcc/arm-none-eabi/4.9.3/armv7-m/crtbegin.o

.bss            0x1fff8128       0x80 load address 0x00002288
                0x1fff8128                PROVIDE (__bss_start__, .)
 *(.shbss)
 *(.bss .bss.* .gnu.linkonce.b.*)
 .bss           0x1fff8128       0x1c c:/program files (x86)/cypress/psoc creator/3.3/psoc creator/import/gnu/arm/4.9.3/bin/../lib/gcc/arm-none-eabi/4.9.3/armv7-m/crtbegin.o
 .bss           0x1fff8144        0x8 .\CortexM3\ARM_GCC_493\Debug\main.o
                0x1fff8144                y_m_p
                0x1fff8146                x_m_p
                0x1fff8148                previous_data
 .bss           0x1fff814c        0x1 .\CortexM3\ARM_GCC_493\Debug\IMU-sparkfun.a(I2C.o)
                0x1fff814c                I2C_initVar
 .bss           0x1fff814d        0x2 .\CortexM3\ARM_GCC_493\Debug\IMU-sparkfun.a(LCD.o)
                0x1fff814d                LCD_enableState
                0x1fff814e                LCD_initVar
 *fill*         0x1fff814f        0x1 
 .bss           0x1fff8150       0x14 .\CortexM3\ARM_GCC_493\Debug\IMU-sparkfun.a(ADC.o)
                0x1fff8160                ADC_stopConversion
                0x1fff8161                ADC_convDone
                0x1fff8162                ADC_initVar
                0x1fff8163                ADC_started
 .bss           0x1fff8164        0x1 .\CortexM3\ARM_GCC_493\Debug\IMU-sparkfun.a(Opamp.o)
                0x1fff8164                Opamp_initVar
 .bss           0x1fff8165        0x2 .\CortexM3\ARM_GCC_493\Debug\IMU-sparkfun.a(UART.o)
                0x1fff8165                UART_initVar
 .bss           0x1fff8167        0x1 .\CortexM3\ARM_GCC_493\Debug\IMU-sparkfun.a(DAC.o)
                0x1fff8167                DAC_initVar
 *(COMMON)
 COMMON         0x1fff8168       0x22 .\CortexM3\ARM_GCC_493\Debug\main.o
                0x1fff8168                data_receive
                0x1fff8174                data_trans
                0x1fff8180                data_trans2
 COMMON         0x1fff818a        0x1 .\CortexM3\ARM_GCC_493\Debug\IMU-sparkfun.a(I2C.o)
                0x1fff818a                I2C_state
 *fill*         0x1fff818b        0x1 
 COMMON         0x1fff818c       0x10 .\CortexM3\ARM_GCC_493\Debug\IMU-sparkfun.a(I2C_MASTER.o)
                0x1fff818c                I2C_mstrWrBufIndex
                0x1fff818d                I2C_mstrWrBufSize
                0x1fff818e                I2C_mstrStatus
                0x1fff8190                I2C_mstrRdBufPtr
                0x1fff8194                I2C_mstrControl
                0x1fff8195                I2C_mstrRdBufSize
                0x1fff8196                I2C_mstrRdBufIndex
                0x1fff8198                I2C_mstrWrBufPtr
 COMMON         0x1fff819c        0x8 .\CortexM3\ARM_GCC_493\Debug\IMU-sparkfun.a(ADC.o)
                0x1fff819c                ADC_Offset
                0x1fff81a0                ADC_CountsPerVolt
                0x1fff81a8                . = ALIGN (0x8)
 *fill*         0x1fff81a4        0x4 
 *(.ram.b)
                0x1fff81a8                _end = .
                0x1fff81a8                __end = .
                0x1fff81a8                PROVIDE (end, .)
                0x1fff81a8                PROVIDE (__bss_end__, .)
                0x00002268                __cy_region_init_ram = LOADADDR (.data)
                0x00000020                __cy_region_init_size_ram = (_edata - ADDR (.data))
                0x00000080                __cy_region_zero_size_ram = (_end - _edata)

.heap           0x1fff81a8       0x80 load address 0x00002288
                0x1fff81a8                . = _end
                0x1fff8228                . = (. + 0x80)
 *fill*         0x1fff81a8       0x80 
                0x1fff8228                __cy_heap_limit = .

.stack          0x20007800      0x800
                0x20007800                __cy_stack_limit = .
                0x20008000                . = (. + 0x800)
 *fill*         0x20007800      0x800 
                0x00000001                ASSERT ((__cy_stack_limit >= __cy_heap_limit), region RAM overflowed with stack)
                0x00000000                cy_checksum_exclude_size = (CY_APPL_LOADABLE == 0x1)?SIZEOF (.cy_checksum_exclude):0x0
                0x00000001                ASSERT ((cy_checksum_exclude_size <= CY_CHECKSUM_EXCLUDE_SIZE), CY_BOOT: Section .cy_checksum_exclude size exceedes specified limit.)

.cyloadermeta
 *(.cyloadermeta)

.cyloadablemeta
 *(.cyloadablemeta)

.cyconfigecc    0x80000000      0x3c4
 *(.cyconfigecc)
 .cyconfigecc   0x80000000      0x3c4 .\CortexM3\ARM_GCC_493\Debug\cymetadata.o
                0x80000000                cy_meta_configecc

.cycustnvl      0x90000000        0x4
 *(.cycustnvl)
 .cycustnvl     0x90000000        0x4 .\CortexM3\ARM_GCC_493\Debug\cymetadata.o
                0x90000000                cy_meta_custnvl

.cywolatch      0x90100000        0x4
 *(.cywolatch)
 .cywolatch     0x90100000        0x4 .\CortexM3\ARM_GCC_493\Debug\cymetadata.o
                0x90100000                cy_meta_wonvl

.cyeeprom       0x90200000        0x0
 *(.cyeeprom)
                0x00000001                ASSERT ((. <= ((0x90200000 + ee_offset) + ee_size)), .cyeeprom data will not fit in EEPROM)

.cyflashprotect
                0x90400000      0x100
 *(.cyflashprotect)
 .cyflashprotect
                0x90400000      0x100 .\CortexM3\ARM_GCC_493\Debug\cymetadata.o
                0x90400000                cy_meta_flashprotect

.cymeta         0x90500000        0xc
 *(.cymeta)
 .cymeta        0x90500000        0xc .\CortexM3\ARM_GCC_493\Debug\cymetadata.o
                0x90500000                cy_metadata

.rel.dyn        0x00002288        0x0 load address 0x9050000c
 .rel.iplt      0x00000000        0x0 c:/program files (x86)/cypress/psoc creator/3.3/psoc creator/import/gnu/arm/4.9.3/bin/../lib/gcc/arm-none-eabi/4.9.3/armv7-m/crtbegin.o

.stab
 *(.stab)

.stabstr
 *(.stabstr)

.debug
 *(.debug)

.line
 *(.line)

.debug_srcinfo
 *(.debug_srcinfo)

.debug_sfnames
 *(.debug_sfnames)

.debug_aranges  0x00000000      0xca0
 *(.debug_aranges)
 .debug_aranges
                0x00000000       0xd8 .\CortexM3\ARM_GCC_493\Debug\main.o
 .debug_aranges
                0x000000d8       0x18 .\CortexM3\ARM_GCC_493\Debug\cymetadata.o
 .debug_aranges
                0x000000f0       0x48 .\CortexM3\ARM_GCC_493\Debug\Cm3Start.o
 .debug_aranges
                0x00000138       0x58 .\CortexM3\ARM_GCC_493\Debug\IMU-sparkfun.a(cyfitter_cfg.o)
 .debug_aranges
                0x00000190       0x38 .\CortexM3\ARM_GCC_493\Debug\IMU-sparkfun.a(I2C.o)
 .debug_aranges
                0x000001c8       0x20 .\CortexM3\ARM_GCC_493\Debug\IMU-sparkfun.a(I2C_INT.o)
 .debug_aranges
                0x000001e8       0x38 .\CortexM3\ARM_GCC_493\Debug\IMU-sparkfun.a(I2C_PM.o)
 .debug_aranges
                0x00000220       0x80 .\CortexM3\ARM_GCC_493\Debug\IMU-sparkfun.a(I2C_MASTER.o)
 .debug_aranges
                0x000002a0       0x20 .\CortexM3\ARM_GCC_493\Debug\IMU-sparkfun.a(CyBootAsmGnu.o)
 .debug_aranges
                0x000002c0      0x298 .\CortexM3\ARM_GCC_493\Debug\IMU-sparkfun.a(CyLib.o)
 .debug_aranges
                0x00000558       0x98 .\CortexM3\ARM_GCC_493\Debug\IMU-sparkfun.a(cyPm.o)
 .debug_aranges
                0x000005f0       0x98 .\CortexM3\ARM_GCC_493\Debug\IMU-sparkfun.a(LCD.o)
 .debug_aranges
                0x00000688       0x38 .\CortexM3\ARM_GCC_493\Debug\IMU-sparkfun.a(blue.o)
 .debug_aranges
                0x000006c0       0x38 .\CortexM3\ARM_GCC_493\Debug\IMU-sparkfun.a(pink.o)
 .debug_aranges
                0x000006f8       0x38 .\CortexM3\ARM_GCC_493\Debug\IMU-sparkfun.a(yellow.o)
 .debug_aranges
                0x00000730       0x38 .\CortexM3\ARM_GCC_493\Debug\IMU-sparkfun.a(orange.o)
 .debug_aranges
                0x00000768       0xe8 .\CortexM3\ARM_GCC_493\Debug\IMU-sparkfun.a(ADC.o)
 .debug_aranges
                0x00000850       0x38 .\CortexM3\ARM_GCC_493\Debug\IMU-sparkfun.a(ADC_INT.o)
 .debug_aranges
                0x00000888       0x40 .\CortexM3\ARM_GCC_493\Debug\IMU-sparkfun.a(Opamp.o)
 .debug_aranges
                0x000008c8       0x70 .\CortexM3\ARM_GCC_493\Debug\IMU-sparkfun.a(ADC_Ext_CP_Clk.o)
 .debug_aranges
                0x00000938       0x80 .\CortexM3\ARM_GCC_493\Debug\IMU-sparkfun.a(ADC_theACLK.o)
 .debug_aranges
                0x000009b8       0x38 .\CortexM3\ARM_GCC_493\Debug\IMU-sparkfun.a(switch3.o)
 .debug_aranges
                0x000009f0       0xf0 .\CortexM3\ARM_GCC_493\Debug\IMU-sparkfun.a(UART.o)
 .debug_aranges
                0x00000ae0       0x70 .\CortexM3\ARM_GCC_493\Debug\IMU-sparkfun.a(UART_IntClock.o)
 .debug_aranges
                0x00000b50       0x58 .\CortexM3\ARM_GCC_493\Debug\IMU-sparkfun.a(DAC.o)
 .debug_aranges
                0x00000ba8       0x80 .\CortexM3\ARM_GCC_493\Debug\IMU-sparkfun.a(CyFlash.o)
 .debug_aranges
                0x00000c28       0x78 .\CortexM3\ARM_GCC_493\Debug\IMU-sparkfun.a(CySpc.o)

.debug_pubnames
 *(.debug_pubnames)

.debug_info     0x00000000     0x8047
 *(.debug_info .gnu.linkonce.wi.*)
 .debug_info    0x00000000     0x1744 .\CortexM3\ARM_GCC_493\Debug\main.o
 .debug_info    0x00001744      0x13b .\CortexM3\ARM_GCC_493\Debug\cymetadata.o
 .debug_info    0x0000187f      0x3a5 .\CortexM3\ARM_GCC_493\Debug\Cm3Start.o
 .debug_info    0x00001c24      0x611 .\CortexM3\ARM_GCC_493\Debug\IMU-sparkfun.a(cyfitter_cfg.o)
 .debug_info    0x00002235      0x2db .\CortexM3\ARM_GCC_493\Debug\IMU-sparkfun.a(I2C.o)
 .debug_info    0x00002510      0x17f .\CortexM3\ARM_GCC_493\Debug\IMU-sparkfun.a(I2C_INT.o)
 .debug_info    0x0000268f      0x1fe .\CortexM3\ARM_GCC_493\Debug\IMU-sparkfun.a(I2C_PM.o)
 .debug_info    0x0000288d      0x400 .\CortexM3\ARM_GCC_493\Debug\IMU-sparkfun.a(I2C_MASTER.o)
 .debug_info    0x00002c8d       0x9a .\CortexM3\ARM_GCC_493\Debug\IMU-sparkfun.a(CyBootAsmGnu.o)
 .debug_info    0x00002d27     0x1371 .\CortexM3\ARM_GCC_493\Debug\IMU-sparkfun.a(CyLib.o)
 .debug_info    0x00004098      0xa58 .\CortexM3\ARM_GCC_493\Debug\IMU-sparkfun.a(cyPm.o)
 .debug_info    0x00004af0      0x716 .\CortexM3\ARM_GCC_493\Debug\IMU-sparkfun.a(LCD.o)
 .debug_info    0x00005206      0x11f .\CortexM3\ARM_GCC_493\Debug\IMU-sparkfun.a(blue.o)
 .debug_info    0x00005325      0x11f .\CortexM3\ARM_GCC_493\Debug\IMU-sparkfun.a(pink.o)
 .debug_info    0x00005444      0x11f .\CortexM3\ARM_GCC_493\Debug\IMU-sparkfun.a(yellow.o)
 .debug_info    0x00005563      0x11f .\CortexM3\ARM_GCC_493\Debug\IMU-sparkfun.a(orange.o)
 .debug_info    0x00005682      0xbea .\CortexM3\ARM_GCC_493\Debug\IMU-sparkfun.a(ADC.o)
 .debug_info    0x0000626c       0xcc .\CortexM3\ARM_GCC_493\Debug\IMU-sparkfun.a(ADC_INT.o)
 .debug_info    0x00006338      0x14a .\CortexM3\ARM_GCC_493\Debug\IMU-sparkfun.a(Opamp.o)
 .debug_info    0x00006482      0x283 .\CortexM3\ARM_GCC_493\Debug\IMU-sparkfun.a(ADC_Ext_CP_Clk.o)
 .debug_info    0x00006705      0x2c4 .\CortexM3\ARM_GCC_493\Debug\IMU-sparkfun.a(ADC_theACLK.o)
 .debug_info    0x000069c9      0x11f .\CortexM3\ARM_GCC_493\Debug\IMU-sparkfun.a(switch3.o)
 .debug_info    0x00006ae8      0x603 .\CortexM3\ARM_GCC_493\Debug\IMU-sparkfun.a(UART.o)
 .debug_info    0x000070eb      0x283 .\CortexM3\ARM_GCC_493\Debug\IMU-sparkfun.a(UART_IntClock.o)
 .debug_info    0x0000736e      0x1df .\CortexM3\ARM_GCC_493\Debug\IMU-sparkfun.a(DAC.o)
 .debug_info    0x0000754d      0x60a .\CortexM3\ARM_GCC_493\Debug\IMU-sparkfun.a(CyFlash.o)
 .debug_info    0x00007b57      0x4f0 .\CortexM3\ARM_GCC_493\Debug\IMU-sparkfun.a(CySpc.o)

.debug_abbrev   0x00000000     0x20b1
 *(.debug_abbrev)
 .debug_abbrev  0x00000000      0x214 .\CortexM3\ARM_GCC_493\Debug\main.o
 .debug_abbrev  0x00000214       0x66 .\CortexM3\ARM_GCC_493\Debug\cymetadata.o
 .debug_abbrev  0x0000027a      0x20f .\CortexM3\ARM_GCC_493\Debug\Cm3Start.o
 .debug_abbrev  0x00000489      0x1ff .\CortexM3\ARM_GCC_493\Debug\IMU-sparkfun.a(cyfitter_cfg.o)
 .debug_abbrev  0x00000688      0x15c .\CortexM3\ARM_GCC_493\Debug\IMU-sparkfun.a(I2C.o)
 .debug_abbrev  0x000007e4       0xbd .\CortexM3\ARM_GCC_493\Debug\IMU-sparkfun.a(I2C_INT.o)
 .debug_abbrev  0x000008a1      0x12b .\CortexM3\ARM_GCC_493\Debug\IMU-sparkfun.a(I2C_PM.o)
 .debug_abbrev  0x000009cc      0x13c .\CortexM3\ARM_GCC_493\Debug\IMU-sparkfun.a(I2C_MASTER.o)
 .debug_abbrev  0x00000b08       0x14 .\CortexM3\ARM_GCC_493\Debug\IMU-sparkfun.a(CyBootAsmGnu.o)
 .debug_abbrev  0x00000b1c      0x296 .\CortexM3\ARM_GCC_493\Debug\IMU-sparkfun.a(CyLib.o)
 .debug_abbrev  0x00000db2      0x1ed .\CortexM3\ARM_GCC_493\Debug\IMU-sparkfun.a(cyPm.o)
 .debug_abbrev  0x00000f9f      0x171 .\CortexM3\ARM_GCC_493\Debug\IMU-sparkfun.a(LCD.o)
 .debug_abbrev  0x00001110       0x90 .\CortexM3\ARM_GCC_493\Debug\IMU-sparkfun.a(blue.o)
 .debug_abbrev  0x000011a0       0x90 .\CortexM3\ARM_GCC_493\Debug\IMU-sparkfun.a(pink.o)
 .debug_abbrev  0x00001230       0x90 .\CortexM3\ARM_GCC_493\Debug\IMU-sparkfun.a(yellow.o)
 .debug_abbrev  0x000012c0       0x90 .\CortexM3\ARM_GCC_493\Debug\IMU-sparkfun.a(orange.o)
 .debug_abbrev  0x00001350      0x21f .\CortexM3\ARM_GCC_493\Debug\IMU-sparkfun.a(ADC.o)
 .debug_abbrev  0x0000156f       0x42 .\CortexM3\ARM_GCC_493\Debug\IMU-sparkfun.a(ADC_INT.o)
 .debug_abbrev  0x000015b1       0xb2 .\CortexM3\ARM_GCC_493\Debug\IMU-sparkfun.a(Opamp.o)
 .debug_abbrev  0x00001663      0x139 .\CortexM3\ARM_GCC_493\Debug\IMU-sparkfun.a(ADC_Ext_CP_Clk.o)
 .debug_abbrev  0x0000179c      0x121 .\CortexM3\ARM_GCC_493\Debug\IMU-sparkfun.a(ADC_theACLK.o)
 .debug_abbrev  0x000018bd       0x90 .\CortexM3\ARM_GCC_493\Debug\IMU-sparkfun.a(switch3.o)
 .debug_abbrev  0x0000194d      0x1a2 .\CortexM3\ARM_GCC_493\Debug\IMU-sparkfun.a(UART.o)
 .debug_abbrev  0x00001aef      0x139 .\CortexM3\ARM_GCC_493\Debug\IMU-sparkfun.a(UART_IntClock.o)
 .debug_abbrev  0x00001c28       0xf7 .\CortexM3\ARM_GCC_493\Debug\IMU-sparkfun.a(DAC.o)
 .debug_abbrev  0x00001d1f      0x1d1 .\CortexM3\ARM_GCC_493\Debug\IMU-sparkfun.a(CyFlash.o)
 .debug_abbrev  0x00001ef0      0x1c1 .\CortexM3\ARM_GCC_493\Debug\IMU-sparkfun.a(CySpc.o)

.debug_line     0x00000000     0x3229
 *(.debug_line)
 .debug_line    0x00000000      0x6aa .\CortexM3\ARM_GCC_493\Debug\main.o
 .debug_line    0x000006aa       0x53 .\CortexM3\ARM_GCC_493\Debug\cymetadata.o
 .debug_line    0x000006fd      0x249 .\CortexM3\ARM_GCC_493\Debug\Cm3Start.o
 .debug_line    0x00000946      0x209 .\CortexM3\ARM_GCC_493\Debug\IMU-sparkfun.a(cyfitter_cfg.o)
 .debug_line    0x00000b4f       0xdb .\CortexM3\ARM_GCC_493\Debug\IMU-sparkfun.a(I2C.o)
 .debug_line    0x00000c2a      0x116 .\CortexM3\ARM_GCC_493\Debug\IMU-sparkfun.a(I2C_INT.o)
 .debug_line    0x00000d40       0xbd .\CortexM3\ARM_GCC_493\Debug\IMU-sparkfun.a(I2C_PM.o)
 .debug_line    0x00000dfd      0x1ff .\CortexM3\ARM_GCC_493\Debug\IMU-sparkfun.a(I2C_MASTER.o)
 .debug_line    0x00000ffc       0x68 .\CortexM3\ARM_GCC_493\Debug\IMU-sparkfun.a(CyBootAsmGnu.o)
 .debug_line    0x00001064      0x806 .\CortexM3\ARM_GCC_493\Debug\IMU-sparkfun.a(CyLib.o)
 .debug_line    0x0000186a      0x366 .\CortexM3\ARM_GCC_493\Debug\IMU-sparkfun.a(cyPm.o)
 .debug_line    0x00001bd0      0x1de .\CortexM3\ARM_GCC_493\Debug\IMU-sparkfun.a(LCD.o)
 .debug_line    0x00001dae       0x93 .\CortexM3\ARM_GCC_493\Debug\IMU-sparkfun.a(blue.o)
 .debug_line    0x00001e41       0x93 .\CortexM3\ARM_GCC_493\Debug\IMU-sparkfun.a(pink.o)
 .debug_line    0x00001ed4       0x95 .\CortexM3\ARM_GCC_493\Debug\IMU-sparkfun.a(yellow.o)
 .debug_line    0x00001f69       0x95 .\CortexM3\ARM_GCC_493\Debug\IMU-sparkfun.a(orange.o)
 .debug_line    0x00001ffe      0x3be .\CortexM3\ARM_GCC_493\Debug\IMU-sparkfun.a(ADC.o)
 .debug_line    0x000023bc       0x82 .\CortexM3\ARM_GCC_493\Debug\IMU-sparkfun.a(ADC_INT.o)
 .debug_line    0x0000243e       0xaa .\CortexM3\ARM_GCC_493\Debug\IMU-sparkfun.a(Opamp.o)
 .debug_line    0x000024e8      0x196 .\CortexM3\ARM_GCC_493\Debug\IMU-sparkfun.a(ADC_Ext_CP_Clk.o)
 .debug_line    0x0000267e      0x1b6 .\CortexM3\ARM_GCC_493\Debug\IMU-sparkfun.a(ADC_theACLK.o)
 .debug_line    0x00002834       0x96 .\CortexM3\ARM_GCC_493\Debug\IMU-sparkfun.a(switch3.o)
 .debug_line    0x000028ca      0x2be .\CortexM3\ARM_GCC_493\Debug\IMU-sparkfun.a(UART.o)
 .debug_line    0x00002b88      0x195 .\CortexM3\ARM_GCC_493\Debug\IMU-sparkfun.a(UART_IntClock.o)
 .debug_line    0x00002d1d       0xe2 .\CortexM3\ARM_GCC_493\Debug\IMU-sparkfun.a(DAC.o)
 .debug_line    0x00002dff      0x1ec .\CortexM3\ARM_GCC_493\Debug\IMU-sparkfun.a(CyFlash.o)
 .debug_line    0x00002feb      0x23e .\CortexM3\ARM_GCC_493\Debug\IMU-sparkfun.a(CySpc.o)

.debug_frame    0x00000000     0x201c
 *(.debug_frame)
 .debug_frame   0x00000000      0x2dc .\CortexM3\ARM_GCC_493\Debug\main.o
 .debug_frame   0x000002dc       0xac .\CortexM3\ARM_GCC_493\Debug\Cm3Start.o
 .debug_frame   0x00000388       0xe4 .\CortexM3\ARM_GCC_493\Debug\IMU-sparkfun.a(cyfitter_cfg.o)
 .debug_frame   0x0000046c       0x94 .\CortexM3\ARM_GCC_493\Debug\IMU-sparkfun.a(I2C.o)
 .debug_frame   0x00000500       0x30 .\CortexM3\ARM_GCC_493\Debug\IMU-sparkfun.a(I2C_INT.o)
 .debug_frame   0x00000530       0x74 .\CortexM3\ARM_GCC_493\Debug\IMU-sparkfun.a(I2C_PM.o)
 .debug_frame   0x000005a4      0x138 .\CortexM3\ARM_GCC_493\Debug\IMU-sparkfun.a(I2C_MASTER.o)
 .debug_frame   0x000006dc      0x728 .\CortexM3\ARM_GCC_493\Debug\IMU-sparkfun.a(CyLib.o)
 .debug_frame   0x00000e04      0x1f8 .\CortexM3\ARM_GCC_493\Debug\IMU-sparkfun.a(cyPm.o)
 .debug_frame   0x00000ffc      0x1e4 .\CortexM3\ARM_GCC_493\Debug\IMU-sparkfun.a(LCD.o)
 .debug_frame   0x000011e0       0x50 .\CortexM3\ARM_GCC_493\Debug\IMU-sparkfun.a(blue.o)
 .debug_frame   0x00001230       0x50 .\CortexM3\ARM_GCC_493\Debug\IMU-sparkfun.a(pink.o)
 .debug_frame   0x00001280       0x50 .\CortexM3\ARM_GCC_493\Debug\IMU-sparkfun.a(yellow.o)
 .debug_frame   0x000012d0       0x50 .\CortexM3\ARM_GCC_493\Debug\IMU-sparkfun.a(orange.o)
 .debug_frame   0x00001320      0x290 .\CortexM3\ARM_GCC_493\Debug\IMU-sparkfun.a(ADC.o)
 .debug_frame   0x000015b0       0x50 .\CortexM3\ARM_GCC_493\Debug\IMU-sparkfun.a(ADC_INT.o)
 .debug_frame   0x00001600       0x78 .\CortexM3\ARM_GCC_493\Debug\IMU-sparkfun.a(Opamp.o)
 .debug_frame   0x00001678       0xe0 .\CortexM3\ARM_GCC_493\Debug\IMU-sparkfun.a(ADC_Ext_CP_Clk.o)
 .debug_frame   0x00001758      0x100 .\CortexM3\ARM_GCC_493\Debug\IMU-sparkfun.a(ADC_theACLK.o)
 .debug_frame   0x00001858       0x50 .\CortexM3\ARM_GCC_493\Debug\IMU-sparkfun.a(switch3.o)
 .debug_frame   0x000018a8      0x250 .\CortexM3\ARM_GCC_493\Debug\IMU-sparkfun.a(UART.o)
 .debug_frame   0x00001af8       0xe0 .\CortexM3\ARM_GCC_493\Debug\IMU-sparkfun.a(UART_IntClock.o)
 .debug_frame   0x00001bd8       0xb4 .\CortexM3\ARM_GCC_493\Debug\IMU-sparkfun.a(DAC.o)
 .debug_frame   0x00001c8c      0x174 .\CortexM3\ARM_GCC_493\Debug\IMU-sparkfun.a(CyFlash.o)
 .debug_frame   0x00001e00      0x160 .\CortexM3\ARM_GCC_493\Debug\IMU-sparkfun.a(CySpc.o)
 .debug_frame   0x00001f60       0x20 c:/program files (x86)/cypress/psoc creator/3.3/psoc creator/import/gnu/arm/4.9.3/bin/../lib/gcc/arm-none-eabi/4.9.3/../../../../arm-none-eabi/lib/armv7-m\libg_nano.a(lib_a-errno.o)
 .debug_frame   0x00001f80       0x28 c:/program files (x86)/cypress/psoc creator/3.3/psoc creator/import/gnu/arm/4.9.3/bin/../lib/gcc/arm-none-eabi/4.9.3/../../../../arm-none-eabi/lib/armv7-m\libg_nano.a(lib_a-exit.o)
 .debug_frame   0x00001fa8       0x2c c:/program files (x86)/cypress/psoc creator/3.3/psoc creator/import/gnu/arm/4.9.3/bin/../lib/gcc/arm-none-eabi/4.9.3/../../../../arm-none-eabi/lib/armv7-m\libg_nano.a(lib_a-init.o)
 .debug_frame   0x00001fd4       0x28 c:/program files (x86)/cypress/psoc creator/3.3/psoc creator/import/gnu/arm/4.9.3/bin/../lib/gcc/arm-none-eabi/4.9.3/../../../../arm-none-eabi/lib/armv7-m\libg_nano.a(lib_a-memcpy.o)
 .debug_frame   0x00001ffc       0x20 c:/program files (x86)/cypress/psoc creator/3.3/psoc creator/import/gnu/arm/4.9.3/bin/../lib/gcc/arm-none-eabi/4.9.3/../../../../arm-none-eabi/lib/armv7-m\libg_nano.a(lib_a-memset.o)

.debug_str      0x00000000     0x2703
 *(.debug_str)
 .debug_str     0x00000000      0x56b .\CortexM3\ARM_GCC_493\Debug\main.o
                                0x5c4 (size before relaxing)
 .debug_str     0x0000056b       0x77 .\CortexM3\ARM_GCC_493\Debug\cymetadata.o
                                0x1f4 (size before relaxing)
 .debug_str     0x000005e2      0x165 .\CortexM3\ARM_GCC_493\Debug\Cm3Start.o
                                0x308 (size before relaxing)
 .debug_str     0x00000747      0x18b .\CortexM3\ARM_GCC_493\Debug\IMU-sparkfun.a(cyfitter_cfg.o)
                                0x342 (size before relaxing)
 .debug_str     0x000008d2      0x125 .\CortexM3\ARM_GCC_493\Debug\IMU-sparkfun.a(I2C.o)
                                0x2ec (size before relaxing)
 .debug_str     0x000009f7       0x88 .\CortexM3\ARM_GCC_493\Debug\IMU-sparkfun.a(I2C_INT.o)
                                0x25d (size before relaxing)
 .debug_str     0x00000a7f       0x58 .\CortexM3\ARM_GCC_493\Debug\IMU-sparkfun.a(I2C_PM.o)
                                0x27b (size before relaxing)
 .debug_str     0x00000ad7      0x152 .\CortexM3\ARM_GCC_493\Debug\IMU-sparkfun.a(I2C_MASTER.o)
                                0x3a2 (size before relaxing)
 .debug_str     0x00000c29      0x7cb .\CortexM3\ARM_GCC_493\Debug\IMU-sparkfun.a(CyLib.o)
                                0xa2d (size before relaxing)
 .debug_str     0x000013f4      0x35b .\CortexM3\ARM_GCC_493\Debug\IMU-sparkfun.a(cyPm.o)
                                0x725 (size before relaxing)
 .debug_str     0x0000174f      0x107 .\CortexM3\ARM_GCC_493\Debug\IMU-sparkfun.a(LCD.o)
                                0x329 (size before relaxing)
 .debug_str     0x00001856       0x58 .\CortexM3\ARM_GCC_493\Debug\IMU-sparkfun.a(blue.o)
                                0x1e7 (size before relaxing)
 .debug_str     0x000018ae       0x4d .\CortexM3\ARM_GCC_493\Debug\IMU-sparkfun.a(pink.o)
                                0x1e7 (size before relaxing)
 .debug_str     0x000018fb       0x55 .\CortexM3\ARM_GCC_493\Debug\IMU-sparkfun.a(yellow.o)
                                0x1f1 (size before relaxing)
 .debug_str     0x00001950       0x55 .\CortexM3\ARM_GCC_493\Debug\IMU-sparkfun.a(orange.o)
                                0x1f1 (size before relaxing)
 .debug_str     0x000019a5      0x339 .\CortexM3\ARM_GCC_493\Debug\IMU-sparkfun.a(ADC.o)
                                0x5c4 (size before relaxing)
 .debug_str     0x00001cde       0x47 .\CortexM3\ARM_GCC_493\Debug\IMU-sparkfun.a(ADC_INT.o)
                                0x1be (size before relaxing)
 .debug_str     0x00001d25       0x67 .\CortexM3\ARM_GCC_493\Debug\IMU-sparkfun.a(Opamp.o)
                                0x1f5 (size before relaxing)
 .debug_str     0x00001d8c      0x16f .\CortexM3\ARM_GCC_493\Debug\IMU-sparkfun.a(ADC_Ext_CP_Clk.o)
                                0x34c (size before relaxing)
 .debug_str     0x00001efb      0x151 .\CortexM3\ARM_GCC_493\Debug\IMU-sparkfun.a(ADC_theACLK.o)
                                0x36b (size before relaxing)
 .debug_str     0x0000204c       0x5a .\CortexM3\ARM_GCC_493\Debug\IMU-sparkfun.a(switch3.o)
                                0x1f6 (size before relaxing)
 .debug_str     0x000020a6      0x25d .\CortexM3\ARM_GCC_493\Debug\IMU-sparkfun.a(UART.o)
                                0x473 (size before relaxing)
 .debug_str     0x00002303      0x13a .\CortexM3\ARM_GCC_493\Debug\IMU-sparkfun.a(UART_IntClock.o)
                                0x340 (size before relaxing)
 .debug_str     0x0000243d       0x7a .\CortexM3\ARM_GCC_493\Debug\IMU-sparkfun.a(DAC.o)
                                0x215 (size before relaxing)
 .debug_str     0x000024b7      0x19e .\CortexM3\ARM_GCC_493\Debug\IMU-sparkfun.a(CyFlash.o)
                                0x39f (size before relaxing)
 .debug_str     0x00002655       0xae .\CortexM3\ARM_GCC_493\Debug\IMU-sparkfun.a(CySpc.o)
                                0x328 (size before relaxing)

.debug_loc      0x00000000     0x38f2
 *(.debug_loc)
 .debug_loc     0x00000000      0x820 .\CortexM3\ARM_GCC_493\Debug\main.o
 .debug_loc     0x00000820      0x144 .\CortexM3\ARM_GCC_493\Debug\Cm3Start.o
 .debug_loc     0x00000964      0x25a .\CortexM3\ARM_GCC_493\Debug\IMU-sparkfun.a(cyfitter_cfg.o)
 .debug_loc     0x00000bbe       0x39 .\CortexM3\ARM_GCC_493\Debug\IMU-sparkfun.a(I2C.o)
 .debug_loc     0x00000bf7       0x29 .\CortexM3\ARM_GCC_493\Debug\IMU-sparkfun.a(I2C_INT.o)
 .debug_loc     0x00000c20       0x13 .\CortexM3\ARM_GCC_493\Debug\IMU-sparkfun.a(I2C_PM.o)
 .debug_loc     0x00000c33      0x52f .\CortexM3\ARM_GCC_493\Debug\IMU-sparkfun.a(I2C_MASTER.o)
 .debug_loc     0x00001162      0xa11 .\CortexM3\ARM_GCC_493\Debug\IMU-sparkfun.a(CyLib.o)
 .debug_loc     0x00001b73      0x1e4 .\CortexM3\ARM_GCC_493\Debug\IMU-sparkfun.a(cyPm.o)
 .debug_loc     0x00001d57      0x3c6 .\CortexM3\ARM_GCC_493\Debug\IMU-sparkfun.a(LCD.o)
 .debug_loc     0x0000211d       0x42 .\CortexM3\ARM_GCC_493\Debug\IMU-sparkfun.a(blue.o)
 .debug_loc     0x0000215f       0x42 .\CortexM3\ARM_GCC_493\Debug\IMU-sparkfun.a(pink.o)
 .debug_loc     0x000021a1       0x42 .\CortexM3\ARM_GCC_493\Debug\IMU-sparkfun.a(yellow.o)
 .debug_loc     0x000021e3       0x42 .\CortexM3\ARM_GCC_493\Debug\IMU-sparkfun.a(orange.o)
 .debug_loc     0x00002225      0x6ab .\CortexM3\ARM_GCC_493\Debug\IMU-sparkfun.a(ADC.o)
 .debug_loc     0x000028d0       0x21 .\CortexM3\ARM_GCC_493\Debug\IMU-sparkfun.a(Opamp.o)
 .debug_loc     0x000028f1      0x12c .\CortexM3\ARM_GCC_493\Debug\IMU-sparkfun.a(ADC_Ext_CP_Clk.o)
 .debug_loc     0x00002a1d      0x14d .\CortexM3\ARM_GCC_493\Debug\IMU-sparkfun.a(ADC_theACLK.o)
 .debug_loc     0x00002b6a       0x42 .\CortexM3\ARM_GCC_493\Debug\IMU-sparkfun.a(switch3.o)
 .debug_loc     0x00002bac      0x258 .\CortexM3\ARM_GCC_493\Debug\IMU-sparkfun.a(UART.o)
 .debug_loc     0x00002e04      0x128 .\CortexM3\ARM_GCC_493\Debug\IMU-sparkfun.a(UART_IntClock.o)
 .debug_loc     0x00002f2c       0x79 .\CortexM3\ARM_GCC_493\Debug\IMU-sparkfun.a(DAC.o)
 .debug_loc     0x00002fa5      0x300 .\CortexM3\ARM_GCC_493\Debug\IMU-sparkfun.a(CyFlash.o)
 .debug_loc     0x000032a5      0x64d .\CortexM3\ARM_GCC_493\Debug\IMU-sparkfun.a(CySpc.o)

.debug_macinfo
 *(.debug_macinfo)

.debug_ranges   0x00000000      0xad8
 *(.debug_ranges)
 .debug_ranges  0x00000000       0xc8 .\CortexM3\ARM_GCC_493\Debug\main.o
 .debug_ranges  0x000000c8       0x38 .\CortexM3\ARM_GCC_493\Debug\Cm3Start.o
 .debug_ranges  0x00000100       0x48 .\CortexM3\ARM_GCC_493\Debug\IMU-sparkfun.a(cyfitter_cfg.o)
 .debug_ranges  0x00000148       0x28 .\CortexM3\ARM_GCC_493\Debug\IMU-sparkfun.a(I2C.o)
 .debug_ranges  0x00000170       0x10 .\CortexM3\ARM_GCC_493\Debug\IMU-sparkfun.a(I2C_INT.o)
 .debug_ranges  0x00000180       0x28 .\CortexM3\ARM_GCC_493\Debug\IMU-sparkfun.a(I2C_PM.o)
 .debug_ranges  0x000001a8       0x70 .\CortexM3\ARM_GCC_493\Debug\IMU-sparkfun.a(I2C_MASTER.o)
 .debug_ranges  0x00000218      0x288 .\CortexM3\ARM_GCC_493\Debug\IMU-sparkfun.a(CyLib.o)
 .debug_ranges  0x000004a0       0x88 .\CortexM3\ARM_GCC_493\Debug\IMU-sparkfun.a(cyPm.o)
 .debug_ranges  0x00000528       0x88 .\CortexM3\ARM_GCC_493\Debug\IMU-sparkfun.a(LCD.o)
 .debug_ranges  0x000005b0       0x28 .\CortexM3\ARM_GCC_493\Debug\IMU-sparkfun.a(blue.o)
 .debug_ranges  0x000005d8       0x28 .\CortexM3\ARM_GCC_493\Debug\IMU-sparkfun.a(pink.o)
 .debug_ranges  0x00000600       0x28 .\CortexM3\ARM_GCC_493\Debug\IMU-sparkfun.a(yellow.o)
 .debug_ranges  0x00000628       0x28 .\CortexM3\ARM_GCC_493\Debug\IMU-sparkfun.a(orange.o)
 .debug_ranges  0x00000650       0xd8 .\CortexM3\ARM_GCC_493\Debug\IMU-sparkfun.a(ADC.o)
 .debug_ranges  0x00000728       0x28 .\CortexM3\ARM_GCC_493\Debug\IMU-sparkfun.a(ADC_INT.o)
 .debug_ranges  0x00000750       0x30 .\CortexM3\ARM_GCC_493\Debug\IMU-sparkfun.a(Opamp.o)
 .debug_ranges  0x00000780       0x60 .\CortexM3\ARM_GCC_493\Debug\IMU-sparkfun.a(ADC_Ext_CP_Clk.o)
 .debug_ranges  0x000007e0       0x70 .\CortexM3\ARM_GCC_493\Debug\IMU-sparkfun.a(ADC_theACLK.o)
 .debug_ranges  0x00000850       0x28 .\CortexM3\ARM_GCC_493\Debug\IMU-sparkfun.a(switch3.o)
 .debug_ranges  0x00000878       0xe0 .\CortexM3\ARM_GCC_493\Debug\IMU-sparkfun.a(UART.o)
 .debug_ranges  0x00000958       0x60 .\CortexM3\ARM_GCC_493\Debug\IMU-sparkfun.a(UART_IntClock.o)
 .debug_ranges  0x000009b8       0x48 .\CortexM3\ARM_GCC_493\Debug\IMU-sparkfun.a(DAC.o)
 .debug_ranges  0x00000a00       0x70 .\CortexM3\ARM_GCC_493\Debug\IMU-sparkfun.a(CyFlash.o)
 .debug_ranges  0x00000a70       0x68 .\CortexM3\ARM_GCC_493\Debug\IMU-sparkfun.a(CySpc.o)

.comment        0x00000000       0x70
 .comment       0x00000000       0x70 .\CortexM3\ARM_GCC_493\Debug\main.o
                                 0x71 (size before relaxing)
 .comment       0x00000000       0x71 .\CortexM3\ARM_GCC_493\Debug\cymetadata.o
 .comment       0x00000000       0x71 .\CortexM3\ARM_GCC_493\Debug\Cm3Start.o
 .comment       0x00000000       0x71 .\CortexM3\ARM_GCC_493\Debug\IMU-sparkfun.a(cyfitter_cfg.o)
 .comment       0x00000000       0x71 .\CortexM3\ARM_GCC_493\Debug\IMU-sparkfun.a(I2C.o)
 .comment       0x00000000       0x71 .\CortexM3\ARM_GCC_493\Debug\IMU-sparkfun.a(I2C_INT.o)
 .comment       0x00000000       0x71 .\CortexM3\ARM_GCC_493\Debug\IMU-sparkfun.a(I2C_PM.o)
 .comment       0x00000000       0x71 .\CortexM3\ARM_GCC_493\Debug\IMU-sparkfun.a(I2C_MASTER.o)
 .comment       0x00000000       0x71 .\CortexM3\ARM_GCC_493\Debug\IMU-sparkfun.a(CyLib.o)
 .comment       0x00000000       0x71 .\CortexM3\ARM_GCC_493\Debug\IMU-sparkfun.a(cyPm.o)
 .comment       0x00000000       0x71 .\CortexM3\ARM_GCC_493\Debug\IMU-sparkfun.a(LCD.o)
 .comment       0x00000000       0x71 .\CortexM3\ARM_GCC_493\Debug\IMU-sparkfun.a(blue.o)
 .comment       0x00000000       0x71 .\CortexM3\ARM_GCC_493\Debug\IMU-sparkfun.a(pink.o)
 .comment       0x00000000       0x71 .\CortexM3\ARM_GCC_493\Debug\IMU-sparkfun.a(yellow.o)
 .comment       0x00000000       0x71 .\CortexM3\ARM_GCC_493\Debug\IMU-sparkfun.a(orange.o)
 .comment       0x00000000       0x71 .\CortexM3\ARM_GCC_493\Debug\IMU-sparkfun.a(ADC.o)
 .comment       0x00000000       0x71 .\CortexM3\ARM_GCC_493\Debug\IMU-sparkfun.a(ADC_INT.o)
 .comment       0x00000000       0x71 .\CortexM3\ARM_GCC_493\Debug\IMU-sparkfun.a(Opamp.o)
 .comment       0x00000000       0x71 .\CortexM3\ARM_GCC_493\Debug\IMU-sparkfun.a(ADC_Ext_CP_Clk.o)
 .comment       0x00000000       0x71 .\CortexM3\ARM_GCC_493\Debug\IMU-sparkfun.a(ADC_theACLK.o)
 .comment       0x00000000       0x71 .\CortexM3\ARM_GCC_493\Debug\IMU-sparkfun.a(switch3.o)
 .comment       0x00000000       0x71 .\CortexM3\ARM_GCC_493\Debug\IMU-sparkfun.a(UART.o)
 .comment       0x00000000       0x71 .\CortexM3\ARM_GCC_493\Debug\IMU-sparkfun.a(UART_IntClock.o)
 .comment       0x00000000       0x71 .\CortexM3\ARM_GCC_493\Debug\IMU-sparkfun.a(DAC.o)
 .comment       0x00000000       0x71 .\CortexM3\ARM_GCC_493\Debug\IMU-sparkfun.a(CyFlash.o)
 .comment       0x00000000       0x71 .\CortexM3\ARM_GCC_493\Debug\IMU-sparkfun.a(CySpc.o)

.debug_weaknames
 *(.debug_weaknames)

.debug_funcnames
 *(.debug_funcnames)

.debug_typenames
 *(.debug_typenames)

.debug_varnames
 *(.debug_varnames)

.note.gnu.arm.ident
 *(.note.gnu.arm.ident)

.ARM.attributes
                0x00000000       0x29
 *(.ARM.attributes)
 .ARM.attributes
                0x00000000       0x1d c:/program files (x86)/cypress/psoc creator/3.3/psoc creator/import/gnu/arm/4.9.3/bin/../lib/gcc/arm-none-eabi/4.9.3/armv7-m/crti.o
 .ARM.attributes
                0x0000001d       0x2d c:/program files (x86)/cypress/psoc creator/3.3/psoc creator/import/gnu/arm/4.9.3/bin/../lib/gcc/arm-none-eabi/4.9.3/armv7-m/crtbegin.o
 .ARM.attributes
                0x0000004a       0x1b c:/program files (x86)/cypress/psoc creator/3.3/psoc creator/import/gnu/arm/4.9.3/bin/../lib/gcc/arm-none-eabi/4.9.3/../../../../arm-none-eabi/lib/armv7-m/crt0.o
 .ARM.attributes
                0x00000065       0x33 .\CortexM3\ARM_GCC_493\Debug\main.o
 .ARM.attributes
                0x00000098       0x33 .\CortexM3\ARM_GCC_493\Debug\cymetadata.o
 .ARM.attributes
                0x000000cb       0x33 .\CortexM3\ARM_GCC_493\Debug\Cm3Start.o
 .ARM.attributes
                0x000000fe       0x33 .\CortexM3\ARM_GCC_493\Debug\IMU-sparkfun.a(cyfitter_cfg.o)
 .ARM.attributes
                0x00000131       0x33 .\CortexM3\ARM_GCC_493\Debug\IMU-sparkfun.a(I2C.o)
 .ARM.attributes
                0x00000164       0x33 .\CortexM3\ARM_GCC_493\Debug\IMU-sparkfun.a(I2C_INT.o)
 .ARM.attributes
                0x00000197       0x33 .\CortexM3\ARM_GCC_493\Debug\IMU-sparkfun.a(I2C_PM.o)
 .ARM.attributes
                0x000001ca       0x33 .\CortexM3\ARM_GCC_493\Debug\IMU-sparkfun.a(I2C_MASTER.o)
 .ARM.attributes
                0x000001fd       0x21 .\CortexM3\ARM_GCC_493\Debug\IMU-sparkfun.a(CyBootAsmGnu.o)
 .ARM.attributes
                0x0000021e       0x33 .\CortexM3\ARM_GCC_493\Debug\IMU-sparkfun.a(CyLib.o)
 .ARM.attributes
                0x00000251       0x33 .\CortexM3\ARM_GCC_493\Debug\IMU-sparkfun.a(cyPm.o)
 .ARM.attributes
                0x00000284       0x33 .\CortexM3\ARM_GCC_493\Debug\IMU-sparkfun.a(LCD.o)
 .ARM.attributes
                0x000002b7       0x33 .\CortexM3\ARM_GCC_493\Debug\IMU-sparkfun.a(blue.o)
 .ARM.attributes
                0x000002ea       0x33 .\CortexM3\ARM_GCC_493\Debug\IMU-sparkfun.a(pink.o)
 .ARM.attributes
                0x0000031d       0x33 .\CortexM3\ARM_GCC_493\Debug\IMU-sparkfun.a(yellow.o)
 .ARM.attributes
                0x00000350       0x33 .\CortexM3\ARM_GCC_493\Debug\IMU-sparkfun.a(orange.o)
 .ARM.attributes
                0x00000383       0x33 .\CortexM3\ARM_GCC_493\Debug\IMU-sparkfun.a(ADC.o)
 .ARM.attributes
                0x000003b6       0x33 .\CortexM3\ARM_GCC_493\Debug\IMU-sparkfun.a(ADC_INT.o)
 .ARM.attributes
                0x000003e9       0x33 .\CortexM3\ARM_GCC_493\Debug\IMU-sparkfun.a(Opamp.o)
 .ARM.attributes
                0x0000041c       0x33 .\CortexM3\ARM_GCC_493\Debug\IMU-sparkfun.a(ADC_Ext_CP_Clk.o)
 .ARM.attributes
                0x0000044f       0x33 .\CortexM3\ARM_GCC_493\Debug\IMU-sparkfun.a(ADC_theACLK.o)
 .ARM.attributes
                0x00000482       0x33 .\CortexM3\ARM_GCC_493\Debug\IMU-sparkfun.a(switch3.o)
 .ARM.attributes
                0x000004b5       0x33 .\CortexM3\ARM_GCC_493\Debug\IMU-sparkfun.a(UART.o)
 .ARM.attributes
                0x000004e8       0x33 .\CortexM3\ARM_GCC_493\Debug\IMU-sparkfun.a(UART_IntClock.o)
 .ARM.attributes
                0x0000051b       0x33 .\CortexM3\ARM_GCC_493\Debug\IMU-sparkfun.a(DAC.o)
 .ARM.attributes
                0x0000054e       0x33 .\CortexM3\ARM_GCC_493\Debug\IMU-sparkfun.a(CyFlash.o)
 .ARM.attributes
                0x00000581       0x33 .\CortexM3\ARM_GCC_493\Debug\IMU-sparkfun.a(CySpc.o)
 .ARM.attributes
                0x000005b4       0x1d c:/program files (x86)/cypress/psoc creator/3.3/psoc creator/import/gnu/arm/4.9.3/bin/../lib/gcc/arm-none-eabi/4.9.3/armv7-m\libgcc.a(_arm_addsubdf3.o)
 .ARM.attributes
                0x000005d1       0x1d c:/program files (x86)/cypress/psoc creator/3.3/psoc creator/import/gnu/arm/4.9.3/bin/../lib/gcc/arm-none-eabi/4.9.3/armv7-m\libgcc.a(_arm_cmpdf2.o)
 .ARM.attributes
                0x000005ee       0x1d c:/program files (x86)/cypress/psoc creator/3.3/psoc creator/import/gnu/arm/4.9.3/bin/../lib/gcc/arm-none-eabi/4.9.3/armv7-m\libgcc.a(_arm_addsubsf3.o)
 .ARM.attributes
                0x0000060b       0x1d c:/program files (x86)/cypress/psoc creator/3.3/psoc creator/import/gnu/arm/4.9.3/bin/../lib/gcc/arm-none-eabi/4.9.3/armv7-m\libgcc.a(_arm_muldivsf3.o)
 .ARM.attributes
                0x00000628       0x1d c:/program files (x86)/cypress/psoc creator/3.3/psoc creator/import/gnu/arm/4.9.3/bin/../lib/gcc/arm-none-eabi/4.9.3/armv7-m\libgcc.a(_arm_fixunssfsi.o)
 .ARM.attributes
                0x00000645       0x2d c:/program files (x86)/cypress/psoc creator/3.3/psoc creator/import/gnu/arm/4.9.3/bin/../lib/gcc/arm-none-eabi/4.9.3/../../../../arm-none-eabi/lib/armv7-m\libg_nano.a(lib_a-errno.o)
 .ARM.attributes
                0x00000672       0x2d c:/program files (x86)/cypress/psoc creator/3.3/psoc creator/import/gnu/arm/4.9.3/bin/../lib/gcc/arm-none-eabi/4.9.3/../../../../arm-none-eabi/lib/armv7-m\libg_nano.a(lib_a-exit.o)
 .ARM.attributes
                0x0000069f       0x2d c:/program files (x86)/cypress/psoc creator/3.3/psoc creator/import/gnu/arm/4.9.3/bin/../lib/gcc/arm-none-eabi/4.9.3/../../../../arm-none-eabi/lib/armv7-m\libg_nano.a(lib_a-impure.o)
 .ARM.attributes
                0x000006cc       0x2d c:/program files (x86)/cypress/psoc creator/3.3/psoc creator/import/gnu/arm/4.9.3/bin/../lib/gcc/arm-none-eabi/4.9.3/../../../../arm-none-eabi/lib/armv7-m\libg_nano.a(lib_a-init.o)
 .ARM.attributes
                0x000006f9       0x2d c:/program files (x86)/cypress/psoc creator/3.3/psoc creator/import/gnu/arm/4.9.3/bin/../lib/gcc/arm-none-eabi/4.9.3/../../../../arm-none-eabi/lib/armv7-m\libg_nano.a(lib_a-memcpy.o)
 .ARM.attributes
                0x00000726       0x2d c:/program files (x86)/cypress/psoc creator/3.3/psoc creator/import/gnu/arm/4.9.3/bin/../lib/gcc/arm-none-eabi/4.9.3/../../../../arm-none-eabi/lib/armv7-m\libg_nano.a(lib_a-memset.o)
 .ARM.attributes
                0x00000753       0x2d c:/program files (x86)/cypress/psoc creator/3.3/psoc creator/import/gnu/arm/4.9.3/bin/../lib/gcc/arm-none-eabi/4.9.3/armv7-m/crtend.o
 .ARM.attributes
                0x00000780       0x1d c:/program files (x86)/cypress/psoc creator/3.3/psoc creator/import/gnu/arm/4.9.3/bin/../lib/gcc/arm-none-eabi/4.9.3/armv7-m/crtn.o

/DISCARD/
 *(.note.GNU-stack)
OUTPUT(.\CortexM3\ARM_GCC_493\Debug\IMU-sparkfun.elf elf32-littlearm)
